Archive member included because of file (symbol)

c:/winavr-20100110/bin/../lib/gcc/avr/4.3.3/avr5\libgcc.a(_mulsi3.o)
                              obj\Debug\RP6Lib\RP6base\RP6RobotBaseLib.o (__mulsi3)
c:/winavr-20100110/bin/../lib/gcc/avr/4.3.3/avr5\libgcc.a(_udivmodhi4.o)
                              obj\Debug\RP6Lib\RP6base\RP6RobotBaseLib.o (__udivmodhi4)
c:/winavr-20100110/bin/../lib/gcc/avr/4.3.3/avr5\libgcc.a(_udivmodsi4.o)
                              obj\Debug\RP6Lib\RP6base\RP6RobotBaseLib.o (__udivmodsi4)
c:/winavr-20100110/bin/../lib/gcc/avr/4.3.3/avr5\libgcc.a(_exit.o)
                              c:/winavr-20100110/bin/../lib/gcc/avr/4.3.3/../../../../avr/lib/avr5/crtm32.o (exit)
c:/winavr-20100110/bin/../lib/gcc/avr/4.3.3/avr5\libgcc.a(_copy_data.o)
                              obj\Debug\main.o (__do_copy_data)
c:/winavr-20100110/bin/../lib/gcc/avr/4.3.3/avr5\libgcc.a(_clear_bss.o)
                              obj\Debug\main.o (__do_clear_bss)
c:/winavr-20100110/bin/../lib/gcc/avr/4.3.3/avr5\libgcc.a(_fixunssfsi.o)
                              obj\Debug\main.o (__fixunssfsi)
c:/winavr-20100110/bin/../lib/gcc/avr/4.3.3/avr5\libgcc.a(_addsub_sf.o)
                              obj\Debug\main.o (__subsf3)
c:/winavr-20100110/bin/../lib/gcc/avr/4.3.3/avr5\libgcc.a(_mul_sf.o)
                              obj\Debug\main.o (__mulsf3)
c:/winavr-20100110/bin/../lib/gcc/avr/4.3.3/avr5\libgcc.a(_div_sf.o)
                              obj\Debug\main.o (__divsf3)
c:/winavr-20100110/bin/../lib/gcc/avr/4.3.3/avr5\libgcc.a(_ge_sf.o)
                              c:/winavr-20100110/bin/../lib/gcc/avr/4.3.3/avr5\libgcc.a(_fixunssfsi.o) (__gesf2)
c:/winavr-20100110/bin/../lib/gcc/avr/4.3.3/avr5\libgcc.a(_si_to_sf.o)
                              obj\Debug\main.o (__floatsisf)
c:/winavr-20100110/bin/../lib/gcc/avr/4.3.3/avr5\libgcc.a(_sf_to_si.o)
                              obj\Debug\main.o (__fixsfsi)
c:/winavr-20100110/bin/../lib/gcc/avr/4.3.3/avr5\libgcc.a(_thenan_sf.o)
                              c:/winavr-20100110/bin/../lib/gcc/avr/4.3.3/avr5\libgcc.a(_addsub_sf.o) (__thenan_sf)
c:/winavr-20100110/bin/../lib/gcc/avr/4.3.3/avr5\libgcc.a(_usi_to_sf.o)
                              obj\Debug\main.o (__floatunsisf)
c:/winavr-20100110/bin/../lib/gcc/avr/4.3.3/avr5\libgcc.a(_prologue.o)
                              c:/winavr-20100110/bin/../lib/gcc/avr/4.3.3/avr5\libgcc.a(_addsub_sf.o) (__prologue_saves__)
c:/winavr-20100110/bin/../lib/gcc/avr/4.3.3/avr5\libgcc.a(_epilogue.o)
                              c:/winavr-20100110/bin/../lib/gcc/avr/4.3.3/avr5\libgcc.a(_addsub_sf.o) (__epilogue_restores__)
c:/winavr-20100110/bin/../lib/gcc/avr/4.3.3/avr5\libgcc.a(_clzsi2.o)
                              c:/winavr-20100110/bin/../lib/gcc/avr/4.3.3/avr5\libgcc.a(_si_to_sf.o) (__clzsi2)
c:/winavr-20100110/bin/../lib/gcc/avr/4.3.3/avr5\libgcc.a(_pack_sf.o)
                              c:/winavr-20100110/bin/../lib/gcc/avr/4.3.3/avr5\libgcc.a(_addsub_sf.o) (__pack_f)
c:/winavr-20100110/bin/../lib/gcc/avr/4.3.3/avr5\libgcc.a(_unpack_sf.o)
                              c:/winavr-20100110/bin/../lib/gcc/avr/4.3.3/avr5\libgcc.a(_addsub_sf.o) (__unpack_f)
c:/winavr-20100110/bin/../lib/gcc/avr/4.3.3/avr5\libgcc.a(_fpcmp_parts_sf.o)
                              c:/winavr-20100110/bin/../lib/gcc/avr/4.3.3/avr5\libgcc.a(_ge_sf.o) (__fpcmp_parts_f)
c:/winavr-20100110/bin/../lib/gcc/avr/4.3.3/avr5\libgcc.a(_clz.o)
                              c:/winavr-20100110/bin/../lib/gcc/avr/4.3.3/avr5\libgcc.a(_clzsi2.o) (__clz_tab)
C:\WinAVR-20100110\avr\lib\libc.a(strlen.o)
                              obj\Debug\RP6Lib\RP6common\RP6uart.o (strlen)
C:\WinAVR-20100110\avr\lib\libc.a(itoa.o)
                              obj\Debug\RP6Lib\RP6common\RP6uart.o (itoa)
C:\WinAVR-20100110\avr\lib\libc.a(strrev.o)
                              C:\WinAVR-20100110\avr\lib\libc.a(itoa.o) (strrev)

Allocating common symbols
Common symbol       size              file

bumper_left         0x1               obj\Debug\RP6Lib\RP6base\RP6RobotBaseLib.o
preStop_R           0x2               obj\Debug\RP6Lib\RP6base\RP6RobotBaseLib.o
mright_des_speed    0x2               obj\Debug\RP6Lib\RP6base\RP6RobotBaseLib.o
iRightSpeed         0x2               obj\Debug\main.o
I2CTWI_genCallCMD   0x1               obj\Debug\RP6Lib\RP6common\RP6I2CslaveTWI.o
timer               0x2               obj\Debug\main.o
mleft_des_speed     0x2               obj\Debug\RP6Lib\RP6base\RP6RobotBaseLib.o
mleft_des_speed_tmp
                    0x2               obj\Debug\RP6Lib\RP6base\RP6RobotBaseLib.o
uart_status         0x1               obj\Debug\RP6Lib\RP6common\RP6uart.o
I2CTWI_writeRegisters
                    0x10              obj\Debug\RP6Lib\RP6common\RP6I2CslaveTWI.o
motion_status       0x1               obj\Debug\main.o
sysStatACS          0x1               obj\Debug\RP6Lib\RP6base\RP6RobotBaseLib.o
ircomm_send         0x1               obj\Debug\RP6Lib\RP6base\RP6RobotBaseLib.o
overcurrent_error_clear
                    0x1               obj\Debug\RP6Lib\RP6base\RP6RobotBaseLib.o
distanceToMove_R    0x2               obj\Debug\RP6Lib\RP6base\RP6RobotBaseLib.o
iLeftSpeed          0x2               obj\Debug\main.o
acs_pulse           0x1               obj\Debug\RP6Lib\RP6base\RP6RobotBaseLib.o
left_i              0x2               obj\Debug\RP6Lib\RP6base\RP6RobotBaseLib.o
IRCOMM_RC5_data     0x2               obj\Debug\RP6Lib\RP6base\RP6RobotBaseLib.o
radius_vier         0x2               obj\Debug\main.o
motor_control       0x1               obj\Debug\RP6Lib\RP6base\RP6RobotBaseLib.o
leds_on             0x1               obj\Debug\RP6Lib\RP6base\RP6RobotBaseLib.o
mleft_power         0x2               obj\Debug\RP6Lib\RP6base\RP6RobotBaseLib.o
state               0x2               obj\Debug\main.o
radius_drei         0x2               obj\Debug\main.o
mleft_speed         0x2               obj\Debug\RP6Lib\RP6base\RP6RobotBaseLib.o
preDecelerate_R     0x2               obj\Debug\RP6Lib\RP6base\RP6RobotBaseLib.o
mright_des_speed_tmp
                    0x2               obj\Debug\RP6Lib\RP6base\RP6RobotBaseLib.o
adc1                0x2               obj\Debug\RP6Lib\RP6base\RP6RobotBaseLib.o
adcLSL              0x2               obj\Debug\RP6Lib\RP6base\RP6RobotBaseLib.o
acs_timer           0x2               obj\Debug\RP6Lib\RP6base\RP6RobotBaseLib.o
preStop_L           0x2               obj\Debug\RP6Lib\RP6base\RP6RobotBaseLib.o
mright_power        0x2               obj\Debug\RP6Lib\RP6base\RP6RobotBaseLib.o
mright_counter      0x2               obj\Debug\RP6Lib\RP6base\RP6RobotBaseLib.o
ircomm_data_tmp     0x2               obj\Debug\RP6Lib\RP6base\RP6RobotBaseLib.o
distanceToMove_L    0x2               obj\Debug\RP6Lib\RP6base\RP6RobotBaseLib.o
stopwatches         0x11              obj\Debug\RP6Lib\RP6base\RP6RobotBaseLib.o
overcurrent_timeout
                    0x1               obj\Debug\RP6Lib\RP6base\RP6RobotBaseLib.o
radius_zwei         0x2               obj\Debug\main.o
obstacle_left       0x1               obj\Debug\RP6Lib\RP6base\RP6RobotBaseLib.o
overcurrent_errors  0x1               obj\Debug\RP6Lib\RP6base\RP6RobotBaseLib.o
overcurrent_timer   0x1               obj\Debug\RP6Lib\RP6base\RP6RobotBaseLib.o
statusLEDs          0x1               obj\Debug\main.o
mright_ptmp         0x1               obj\Debug\RP6Lib\RP6base\RP6RobotBaseLib.o
ircomm_data         0x2               obj\Debug\RP6Lib\RP6base\RP6RobotBaseLib.o
adcLSR              0x2               obj\Debug\RP6Lib\RP6base\RP6RobotBaseLib.o
speed_adjust_timer  0x1               obj\Debug\RP6Lib\RP6base\RP6RobotBaseLib.o
obstacle_right      0x1               obj\Debug\RP6Lib\RP6base\RP6RobotBaseLib.o
speed_timer         0x1               obj\Debug\RP6Lib\RP6base\RP6RobotBaseLib.o
right_i             0x2               obj\Debug\RP6Lib\RP6base\RP6RobotBaseLib.o
bumper_timer        0x1               obj\Debug\RP6Lib\RP6base\RP6RobotBaseLib.o
mright_dist         0x2               obj\Debug\RP6Lib\RP6base\RP6RobotBaseLib.o
preDecelerate_L     0x2               obj\Debug\RP6Lib\RP6base\RP6RobotBaseLib.o
mleft_counter       0x2               obj\Debug\RP6Lib\RP6base\RP6RobotBaseLib.o
adc0                0x2               obj\Debug\RP6Lib\RP6base\RP6RobotBaseLib.o
delay_timer         0x1               obj\Debug\RP6Lib\RP6base\RP6RobotBaseLib.o
I2CTWI_readRegisters
                    0x30              obj\Debug\RP6Lib\RP6common\RP6I2CslaveTWI.o
adcMotorCurrentRight
                    0x2               obj\Debug\RP6Lib\RP6base\RP6RobotBaseLib.o
ms_timer            0x1               obj\Debug\RP6Lib\RP6base\RP6RobotBaseLib.o
radius_eins         0x2               obj\Debug\main.o
mright_speed        0x2               obj\Debug\RP6Lib\RP6base\RP6RobotBaseLib.o
mleft_dist          0x2               obj\Debug\RP6Lib\RP6base\RP6RobotBaseLib.o
bumper_right        0x1               obj\Debug\RP6Lib\RP6base\RP6RobotBaseLib.o
acs_event_counter   0x1               obj\Debug\RP6Lib\RP6base\RP6RobotBaseLib.o
motion_status_tmp   0x1               obj\Debug\RP6Lib\RP6base\RP6RobotBaseLib.o
adcBat              0x2               obj\Debug\RP6Lib\RP6base\RP6RobotBaseLib.o
uart_receive_buffer
                    0x21              obj\Debug\RP6Lib\RP6common\RP6uart.o
IRCOMM_RC5_data_ok  0x2               obj\Debug\RP6Lib\RP6base\RP6RobotBaseLib.o
mleft_ptmp          0x1               obj\Debug\RP6Lib\RP6base\RP6RobotBaseLib.o
adcMotorCurrentLeft
                    0x2               obj\Debug\RP6Lib\RP6base\RP6RobotBaseLib.o

Memory Configuration

Name             Origin             Length             Attributes
text             0x00000000         0x00020000         xr
data             0x00800060         0x0000ffa0         rw !x
eeprom           0x00810000         0x00010000         rw !x
fuse             0x00820000         0x00000400         rw !x
lock             0x00830000         0x00000400         rw !x
signature        0x00840000         0x00000400         rw !x
*default*        0x00000000         0xffffffff

Linker script and memory map

LOAD c:/winavr-20100110/bin/../lib/gcc/avr/4.3.3/../../../../avr/lib/avr5/crtm32.o
LOAD obj\Debug\main.o
LOAD obj\Debug\RP6Lib\RP6base\RP6RobotBaseLib.o
LOAD obj\Debug\RP6Lib\RP6common\RP6I2CslaveTWI.o
LOAD obj\Debug\RP6Lib\RP6common\RP6uart.o
LOAD c:/winavr-20100110/bin/../lib/gcc/avr/4.3.3/avr5\libgcc.a
LOAD C:\WinAVR-20100110\avr\lib\libm.a
LOAD c:/winavr-20100110/bin/../lib/gcc/avr/4.3.3/avr5\libgcc.a
LOAD C:\WinAVR-20100110\avr\lib\libc.a
LOAD c:/winavr-20100110/bin/../lib/gcc/avr/4.3.3/avr5\libgcc.a

.hash
 *(.hash)

.dynsym
 *(.dynsym)

.dynstr
 *(.dynstr)

.gnu.version
 *(.gnu.version)

.gnu.version_d
 *(.gnu.version_d)

.gnu.version_r
 *(.gnu.version_r)

.rel.init
 *(.rel.init)

.rela.init
 *(.rela.init)

.rel.text
 *(.rel.text)
 *(.rel.text.*)
 *(.rel.gnu.linkonce.t*)

.rela.text
 *(.rela.text)
 *(.rela.text.*)
 *(.rela.gnu.linkonce.t*)

.rel.fini
 *(.rel.fini)

.rela.fini
 *(.rela.fini)

.rel.rodata
 *(.rel.rodata)
 *(.rel.rodata.*)
 *(.rel.gnu.linkonce.r*)

.rela.rodata
 *(.rela.rodata)
 *(.rela.rodata.*)
 *(.rela.gnu.linkonce.r*)

.rel.data
 *(.rel.data)
 *(.rel.data.*)
 *(.rel.gnu.linkonce.d*)

.rela.data
 *(.rela.data)
 *(.rela.data.*)
 *(.rela.gnu.linkonce.d*)

.rel.ctors
 *(.rel.ctors)

.rela.ctors
 *(.rela.ctors)

.rel.dtors
 *(.rel.dtors)

.rela.dtors
 *(.rela.dtors)

.rel.got
 *(.rel.got)

.rela.got
 *(.rela.got)

.rel.bss
 *(.rel.bss)

.rela.bss
 *(.rela.bss)

.rel.plt
 *(.rel.plt)

.rela.plt
 *(.rela.plt)

.text           0x00000000     0x3f38
 *(.vectors)
 .vectors       0x00000000       0x54 c:/winavr-20100110/bin/../lib/gcc/avr/4.3.3/../../../../avr/lib/avr5/crtm32.o
                0x00000000                __vectors
                0x00000000                __vector_default
 *(.vectors)
 *(.progmem.gcc*)
 *(.progmem*)
 .progmem.data  0x00000054      0x1be obj\Debug\RP6Lib\RP6base\RP6RobotBaseLib.o
                0x00000212                . = ALIGN (0x2)
                0x00000212                __trampolines_start = .
 *(.trampolines)
 .trampolines   0x00000212        0x0 linker stubs
 *(.trampolines*)
                0x00000212                __trampolines_end = .
 *(.jumptables)
 *(.jumptables*)
 *(.lowtext)
 *(.lowtext*)
                0x00000212                __ctors_start = .
 *(.ctors)
                0x00000212                __ctors_end = .
                0x00000212                __dtors_start = .
 *(.dtors)
                0x00000212                __dtors_end = .
 SORT(*)(.ctors)
 SORT(*)(.dtors)
 *(.init0)
 .init0         0x00000212        0x0 c:/winavr-20100110/bin/../lib/gcc/avr/4.3.3/../../../../avr/lib/avr5/crtm32.o
                0x00000212                __init
 *(.init0)
 *(.init1)
 *(.init1)
 *(.init2)
 .init2         0x00000212        0xc c:/winavr-20100110/bin/../lib/gcc/avr/4.3.3/../../../../avr/lib/avr5/crtm32.o
 *(.init2)
 *(.init3)
 *(.init3)
 *(.init4)
 .init4         0x0000021e       0x16 c:/winavr-20100110/bin/../lib/gcc/avr/4.3.3/avr5\libgcc.a(_copy_data.o)
                0x0000021e                __do_copy_data
 .init4         0x00000234       0x10 c:/winavr-20100110/bin/../lib/gcc/avr/4.3.3/avr5\libgcc.a(_clear_bss.o)
                0x00000234                __do_clear_bss
 *(.init4)
 *(.init5)
 *(.init5)
 *(.init6)
 *(.init6)
 *(.init7)
 *(.init7)
 *(.init8)
 *(.init8)
 *(.init9)
 .init9         0x00000244        0x8 c:/winavr-20100110/bin/../lib/gcc/avr/4.3.3/../../../../avr/lib/avr5/crtm32.o
 *(.init9)
 *(.text)
 .text          0x0000024c        0x4 c:/winavr-20100110/bin/../lib/gcc/avr/4.3.3/../../../../avr/lib/avr5/crtm32.o
                0x0000024c                __vector_12
                0x0000024c                __bad_interrupt
                0x0000024c                __vector_6
                0x0000024c                __vector_11
                0x0000024c                __vector_17
                0x0000024c                __vector_7
                0x0000024c                __vector_5
                0x0000024c                __vector_9
                0x0000024c                __vector_15
                0x0000024c                __vector_8
                0x0000024c                __vector_14
                0x0000024c                __vector_16
                0x0000024c                __vector_18
                0x0000024c                __vector_20
 .text          0x00000250      0x508 obj\Debug\main.o
                0x00000710                moveCircle
                0x000003de                calculateSpeed
                0x00000250                main
                0x0000030e                driveRadius
                0x000005ce                calculateDistanceForLeftTrack_Arc
 .text          0x00000758     0x22f0 obj\Debug\RP6Lib\RP6base\RP6RobotBaseLib.o
                0x00000758                enablePowerOnWarning
                0x00002822                mSleep
                0x00000c08                __vector_1
                0x000017ec                setMotorPower
                0x0000093a                getBumperRight
                0x00000ca0                MOTIONCONTROL_stateChanged_DUMMY
                0x00001b08                IRCOMM_RC5dataReady_DUMMY
                0x000013e8                moveAtSpeedDirection
                0x00000772                disablePowerOnWarning
                0x000008ba                setLEDs
                0x0000169c                rotate
                0x00001834                setMotorDir
                0x000028a2                extIntON
                0x0000224a                powerOFF
                0x00002800                sleep
                0x00001a84                __vector_3
                0x00000786                updateStatusLEDs
                0x000018ac                IRCOMM_sendRC5
                0x00002864                delayCycles
                0x00002046                disableACS
                0x000009aa                BUMPERS_setStateChangedHandler
                0x00002194                setACSPwrMed
                0x00001b20                IRCOMM_setRC5DataReadyHandler
                0x00001b52                ACS_setStateChangedHandler
                0x00000a24                readADC
                0x00001506                move
                0x000008d8                getBumperLeft
                0x00001b76                task_ACS
                0x0000133a                moveAtSpeed
                0x00001382                changeDirection
                0x000021da                setACSPwrHigh
                0x000020ec                setACSPwrOff
                0x0000214e                setACSPwrLow
                0x00000cd2                emergencyShutdown
                0x000009ce                task_Bumpers
                0x000028f6                task_RP6System
                0x00001b44                ACS_stateChanged_DUMMY
                0x0000191c                __vector_4
                0x00002098                enableACS
                0x00000c54                __vector_2
                0x000028cc                extIntOFF
                0x00000a98                startADC
                0x00002220                powerON
                0x00000cae                MOTIONCONTROL_setStateChangedHandler
                0x00000dee                task_motionControl
                0x00002914                initRobotBase
                0x0000099c                BUMPERS_stateChanged_DUMMY
                0x00002298                __vector_10
                0x000014b2                stop
                0x0000147a                isMovementComplete
                0x00000abe                task_ADC
 .text          0x00002a48      0x200 obj\Debug\RP6Lib\RP6common\RP6I2CslaveTWI.o
                0x00002a80                __vector_19
                0x00002a48                I2CTWI_initSlave
 .text          0x00002c48      0x3be obj\Debug\RP6Lib\RP6common\RP6uart.o
                0x00002ec6                readChar
                0x00002f1e                readChars
                0x00002fa2                getBufferLength
                0x00002fbe                clearReceptionBuffer
                0x00002c76                writeString
                0x00002dac                writeIntegerLength
                0x00002e36                __vector_13
                0x00002d62                writeInteger
                0x00002c48                writeChar
                0x00002d00                writeStringLength
                0x00002cb0                writeNStringP
 .text          0x00003006        0x0 c:/winavr-20100110/bin/../lib/gcc/avr/4.3.3/avr5\libgcc.a(_mulsi3.o)
 .text          0x00003006        0x0 c:/winavr-20100110/bin/../lib/gcc/avr/4.3.3/avr5\libgcc.a(_udivmodhi4.o)
 .text          0x00003006        0x0 c:/winavr-20100110/bin/../lib/gcc/avr/4.3.3/avr5\libgcc.a(_udivmodsi4.o)
 .text          0x00003006        0x0 c:/winavr-20100110/bin/../lib/gcc/avr/4.3.3/avr5\libgcc.a(_exit.o)
 .text          0x00003006        0x0 c:/winavr-20100110/bin/../lib/gcc/avr/4.3.3/avr5\libgcc.a(_copy_data.o)
 .text          0x00003006        0x0 c:/winavr-20100110/bin/../lib/gcc/avr/4.3.3/avr5\libgcc.a(_clear_bss.o)
 .text          0x00003006       0x58 c:/winavr-20100110/bin/../lib/gcc/avr/4.3.3/avr5\libgcc.a(_fixunssfsi.o)
                0x00003006                __fixunssfsi
 .text          0x0000305e      0x354 c:/winavr-20100110/bin/../lib/gcc/avr/4.3.3/avr5\libgcc.a(_addsub_sf.o)
                0x000032f6                __subsf3
                0x00003358                __addsf3
 .text          0x000033b2      0x1f4 c:/winavr-20100110/bin/../lib/gcc/avr/4.3.3/avr5\libgcc.a(_mul_sf.o)
                0x000033b2                __mulsf3
 .text          0x000035a6      0x158 c:/winavr-20100110/bin/../lib/gcc/avr/4.3.3/avr5\libgcc.a(_div_sf.o)
                0x000035a6                __divsf3
 .text          0x000036fe       0x60 c:/winavr-20100110/bin/../lib/gcc/avr/4.3.3/avr5\libgcc.a(_ge_sf.o)
                0x000036fe                __gesf2
 .text          0x0000375e       0xbc c:/winavr-20100110/bin/../lib/gcc/avr/4.3.3/avr5\libgcc.a(_si_to_sf.o)
                0x0000375e                __floatsisf
 .text          0x0000381a       0xa8 c:/winavr-20100110/bin/../lib/gcc/avr/4.3.3/avr5\libgcc.a(_sf_to_si.o)
                0x0000381a                __fixsfsi
 .text          0x000038c2        0x0 c:/winavr-20100110/bin/../lib/gcc/avr/4.3.3/avr5\libgcc.a(_thenan_sf.o)
 .text          0x000038c2       0xf2 c:/winavr-20100110/bin/../lib/gcc/avr/4.3.3/avr5\libgcc.a(_usi_to_sf.o)
                0x000038c2                __floatunsisf
 .text          0x000039b4        0x0 c:/winavr-20100110/bin/../lib/gcc/avr/4.3.3/avr5\libgcc.a(_prologue.o)
 .text          0x000039b4        0x0 c:/winavr-20100110/bin/../lib/gcc/avr/4.3.3/avr5\libgcc.a(_epilogue.o)
 .text          0x000039b4       0x9e c:/winavr-20100110/bin/../lib/gcc/avr/4.3.3/avr5\libgcc.a(_clzsi2.o)
                0x000039b4                __clzsi2
 .text          0x00003a52      0x1aa c:/winavr-20100110/bin/../lib/gcc/avr/4.3.3/avr5\libgcc.a(_pack_sf.o)
                0x00003a52                __pack_f
 .text          0x00003bfc       0xf0 c:/winavr-20100110/bin/../lib/gcc/avr/4.3.3/avr5\libgcc.a(_unpack_sf.o)
                0x00003bfc                __unpack_f
 .text          0x00003cec       0xb2 c:/winavr-20100110/bin/../lib/gcc/avr/4.3.3/avr5\libgcc.a(_fpcmp_parts_sf.o)
                0x00003cec                __fpcmp_parts_f
 .text          0x00003d9e        0x0 c:/winavr-20100110/bin/../lib/gcc/avr/4.3.3/avr5\libgcc.a(_clz.o)
 .text          0x00003d9e        0x0 C:\WinAVR-20100110\avr\lib\libc.a(strlen.o)
 .text          0x00003d9e        0x0 C:\WinAVR-20100110\avr\lib\libc.a(itoa.o)
 .text          0x00003d9e        0x0 C:\WinAVR-20100110\avr\lib\libc.a(strrev.o)
                0x00003d9e                . = ALIGN (0x2)
 *(.text.*)
 .text.libgcc   0x00003d9e       0x3e c:/winavr-20100110/bin/../lib/gcc/avr/4.3.3/avr5\libgcc.a(_mulsi3.o)
                0x00003d9e                __mulsi3
 .text.libgcc   0x00003ddc       0x28 c:/winavr-20100110/bin/../lib/gcc/avr/4.3.3/avr5\libgcc.a(_udivmodhi4.o)
                0x00003ddc                __udivmodhi4
 .text.libgcc   0x00003e04       0x44 c:/winavr-20100110/bin/../lib/gcc/avr/4.3.3/avr5\libgcc.a(_udivmodsi4.o)
                0x00003e04                __udivmodsi4
 .text.libgcc   0x00003e48        0x0 c:/winavr-20100110/bin/../lib/gcc/avr/4.3.3/avr5\libgcc.a(_exit.o)
 .text.libgcc   0x00003e48        0x0 c:/winavr-20100110/bin/../lib/gcc/avr/4.3.3/avr5\libgcc.a(_copy_data.o)
 .text.libgcc   0x00003e48        0x0 c:/winavr-20100110/bin/../lib/gcc/avr/4.3.3/avr5\libgcc.a(_clear_bss.o)
 .text.libgcc   0x00003e48       0x38 c:/winavr-20100110/bin/../lib/gcc/avr/4.3.3/avr5\libgcc.a(_prologue.o)
                0x00003e48                __prologue_saves__
 .text.libgcc   0x00003e80       0x36 c:/winavr-20100110/bin/../lib/gcc/avr/4.3.3/avr5\libgcc.a(_epilogue.o)
                0x00003e80                __epilogue_restores__
 .text.avr-libc
                0x00003eb6       0x14 C:\WinAVR-20100110\avr\lib\libc.a(strlen.o)
                0x00003eb6                strlen
 .text.avr-libc
                0x00003eca       0x46 C:\WinAVR-20100110\avr\lib\libc.a(itoa.o)
                0x00003eca                itoa
 .text.avr-libc
                0x00003f10       0x24 C:\WinAVR-20100110\avr\lib\libc.a(strrev.o)
                0x00003f10                strrev
                0x00003f34                . = ALIGN (0x2)
 *(.fini9)
 .fini9         0x00003f34        0x0 c:/winavr-20100110/bin/../lib/gcc/avr/4.3.3/avr5\libgcc.a(_exit.o)
                0x00003f34                exit
                0x00003f34                _exit
 *(.fini9)
 *(.fini8)
 *(.fini8)
 *(.fini7)
 *(.fini7)
 *(.fini6)
 *(.fini6)
 *(.fini5)
 *(.fini5)
 *(.fini4)
 *(.fini4)
 *(.fini3)
 *(.fini3)
 *(.fini2)
 *(.fini2)
 *(.fini1)
 *(.fini1)
 *(.fini0)
 .fini0         0x00003f34        0x4 c:/winavr-20100110/bin/../lib/gcc/avr/4.3.3/avr5\libgcc.a(_exit.o)
 *(.fini0)
                0x00003f38                _etext = .

.data           0x00800060      0x114 load address 0x00003f38
                0x00800060                PROVIDE (__data_start, .)
 *(.data)
 .data          0x00800060        0x0 c:/winavr-20100110/bin/../lib/gcc/avr/4.3.3/../../../../avr/lib/avr5/crtm32.o
 .data          0x00800060        0x2 obj\Debug\main.o
                0x00800060                iSpeed
 .data          0x00800062        0x9 obj\Debug\RP6Lib\RP6base\RP6RobotBaseLib.o
                0x00800066                acs_state
 .data          0x0080006b        0x0 obj\Debug\RP6Lib\RP6common\RP6I2CslaveTWI.o
 .data          0x0080006b        0x0 obj\Debug\RP6Lib\RP6common\RP6uart.o
 .data          0x0080006b        0x0 c:/winavr-20100110/bin/../lib/gcc/avr/4.3.3/avr5\libgcc.a(_mulsi3.o)
 .data          0x0080006b        0x0 c:/winavr-20100110/bin/../lib/gcc/avr/4.3.3/avr5\libgcc.a(_udivmodhi4.o)
 .data          0x0080006b        0x0 c:/winavr-20100110/bin/../lib/gcc/avr/4.3.3/avr5\libgcc.a(_udivmodsi4.o)
 .data          0x0080006b        0x0 c:/winavr-20100110/bin/../lib/gcc/avr/4.3.3/avr5\libgcc.a(_exit.o)
 .data          0x0080006b        0x0 c:/winavr-20100110/bin/../lib/gcc/avr/4.3.3/avr5\libgcc.a(_copy_data.o)
 .data          0x0080006b        0x0 c:/winavr-20100110/bin/../lib/gcc/avr/4.3.3/avr5\libgcc.a(_clear_bss.o)
 .data          0x0080006b        0x0 c:/winavr-20100110/bin/../lib/gcc/avr/4.3.3/avr5\libgcc.a(_fixunssfsi.o)
 .data          0x0080006b        0x0 c:/winavr-20100110/bin/../lib/gcc/avr/4.3.3/avr5\libgcc.a(_addsub_sf.o)
 .data          0x0080006b        0x0 c:/winavr-20100110/bin/../lib/gcc/avr/4.3.3/avr5\libgcc.a(_mul_sf.o)
 .data          0x0080006b        0x0 c:/winavr-20100110/bin/../lib/gcc/avr/4.3.3/avr5\libgcc.a(_div_sf.o)
 .data          0x0080006b        0x0 c:/winavr-20100110/bin/../lib/gcc/avr/4.3.3/avr5\libgcc.a(_ge_sf.o)
 .data          0x0080006b        0x0 c:/winavr-20100110/bin/../lib/gcc/avr/4.3.3/avr5\libgcc.a(_si_to_sf.o)
 .data          0x0080006b        0x0 c:/winavr-20100110/bin/../lib/gcc/avr/4.3.3/avr5\libgcc.a(_sf_to_si.o)
 .data          0x0080006b        0x8 c:/winavr-20100110/bin/../lib/gcc/avr/4.3.3/avr5\libgcc.a(_thenan_sf.o)
                0x0080006b                __thenan_sf
 .data          0x00800073        0x0 c:/winavr-20100110/bin/../lib/gcc/avr/4.3.3/avr5\libgcc.a(_usi_to_sf.o)
 .data          0x00800073        0x0 c:/winavr-20100110/bin/../lib/gcc/avr/4.3.3/avr5\libgcc.a(_prologue.o)
 .data          0x00800073        0x0 c:/winavr-20100110/bin/../lib/gcc/avr/4.3.3/avr5\libgcc.a(_epilogue.o)
 .data          0x00800073        0x0 c:/winavr-20100110/bin/../lib/gcc/avr/4.3.3/avr5\libgcc.a(_clzsi2.o)
 .data          0x00800073        0x0 c:/winavr-20100110/bin/../lib/gcc/avr/4.3.3/avr5\libgcc.a(_pack_sf.o)
 .data          0x00800073        0x0 c:/winavr-20100110/bin/../lib/gcc/avr/4.3.3/avr5\libgcc.a(_unpack_sf.o)
 .data          0x00800073        0x0 c:/winavr-20100110/bin/../lib/gcc/avr/4.3.3/avr5\libgcc.a(_fpcmp_parts_sf.o)
 .data          0x00800073      0x100 c:/winavr-20100110/bin/../lib/gcc/avr/4.3.3/avr5\libgcc.a(_clz.o)
                0x00800073                __clz_tab
 .data          0x00800173        0x0 C:\WinAVR-20100110\avr\lib\libc.a(strlen.o)
 .data          0x00800173        0x0 C:\WinAVR-20100110\avr\lib\libc.a(itoa.o)
 .data          0x00800173        0x0 C:\WinAVR-20100110\avr\lib\libc.a(strrev.o)
 *(.data*)
 *(.rodata)
 *(.rodata*)
 *(.gnu.linkonce.d*)
                0x00800174                . = ALIGN (0x2)
 *fill*         0x00800173        0x1 00
                0x00800174                _edata = .
                0x00800174                PROVIDE (__data_end, .)

.bss            0x00800174       0xfa
                0x00800174                PROVIDE (__bss_start, .)
 *(.bss)
 .bss           0x00800174        0x0 c:/winavr-20100110/bin/../lib/gcc/avr/4.3.3/../../../../avr/lib/avr5/crtm32.o
 .bss           0x00800174        0x0 obj\Debug\main.o
 .bss           0x00800174       0x12 obj\Debug\RP6Lib\RP6base\RP6RobotBaseLib.o
                0x00800174                mleft_des_dir
                0x00800178                drive_dir
                0x00800175                mright_des_dir
                0x00800177                mright_dir
                0x00800176                mleft_dir
 .bss           0x00800186        0x6 obj\Debug\RP6Lib\RP6common\RP6I2CslaveTWI.o
                0x00800188                I2CTWI_readBusy
                0x00800186                I2CTWI_dataWasRead
                0x00800189                I2CTWI_writeBusy
                0x00800187                I2CTWI_dataReadFromReg
 .bss           0x0080018c        0x6 obj\Debug\RP6Lib\RP6common\RP6uart.o
                0x0080018e                read_size
                0x0080018d                write_pos
                0x0080018f                write_size
                0x0080018c                read_pos
 .bss           0x00800192        0x0 c:/winavr-20100110/bin/../lib/gcc/avr/4.3.3/avr5\libgcc.a(_mulsi3.o)
 .bss           0x00800192        0x0 c:/winavr-20100110/bin/../lib/gcc/avr/4.3.3/avr5\libgcc.a(_udivmodhi4.o)
 .bss           0x00800192        0x0 c:/winavr-20100110/bin/../lib/gcc/avr/4.3.3/avr5\libgcc.a(_udivmodsi4.o)
 .bss           0x00800192        0x0 c:/winavr-20100110/bin/../lib/gcc/avr/4.3.3/avr5\libgcc.a(_exit.o)
 .bss           0x00800192        0x0 c:/winavr-20100110/bin/../lib/gcc/avr/4.3.3/avr5\libgcc.a(_copy_data.o)
 .bss           0x00800192        0x0 c:/winavr-20100110/bin/../lib/gcc/avr/4.3.3/avr5\libgcc.a(_clear_bss.o)
 .bss           0x00800192        0x0 c:/winavr-20100110/bin/../lib/gcc/avr/4.3.3/avr5\libgcc.a(_fixunssfsi.o)
 .bss           0x00800192        0x0 c:/winavr-20100110/bin/../lib/gcc/avr/4.3.3/avr5\libgcc.a(_addsub_sf.o)
 .bss           0x00800192        0x0 c:/winavr-20100110/bin/../lib/gcc/avr/4.3.3/avr5\libgcc.a(_mul_sf.o)
 .bss           0x00800192        0x0 c:/winavr-20100110/bin/../lib/gcc/avr/4.3.3/avr5\libgcc.a(_div_sf.o)
 .bss           0x00800192        0x0 c:/winavr-20100110/bin/../lib/gcc/avr/4.3.3/avr5\libgcc.a(_ge_sf.o)
 .bss           0x00800192        0x0 c:/winavr-20100110/bin/../lib/gcc/avr/4.3.3/avr5\libgcc.a(_si_to_sf.o)
 .bss           0x00800192        0x0 c:/winavr-20100110/bin/../lib/gcc/avr/4.3.3/avr5\libgcc.a(_sf_to_si.o)
 .bss           0x00800192        0x0 c:/winavr-20100110/bin/../lib/gcc/avr/4.3.3/avr5\libgcc.a(_thenan_sf.o)
 .bss           0x00800192        0x0 c:/winavr-20100110/bin/../lib/gcc/avr/4.3.3/avr5\libgcc.a(_usi_to_sf.o)
 .bss           0x00800192        0x0 c:/winavr-20100110/bin/../lib/gcc/avr/4.3.3/avr5\libgcc.a(_prologue.o)
 .bss           0x00800192        0x0 c:/winavr-20100110/bin/../lib/gcc/avr/4.3.3/avr5\libgcc.a(_epilogue.o)
 .bss           0x00800192        0x0 c:/winavr-20100110/bin/../lib/gcc/avr/4.3.3/avr5\libgcc.a(_clzsi2.o)
 .bss           0x00800192        0x0 c:/winavr-20100110/bin/../lib/gcc/avr/4.3.3/avr5\libgcc.a(_pack_sf.o)
 .bss           0x00800192        0x0 c:/winavr-20100110/bin/../lib/gcc/avr/4.3.3/avr5\libgcc.a(_unpack_sf.o)
 .bss           0x00800192        0x0 c:/winavr-20100110/bin/../lib/gcc/avr/4.3.3/avr5\libgcc.a(_fpcmp_parts_sf.o)
 .bss           0x00800192        0x0 c:/winavr-20100110/bin/../lib/gcc/avr/4.3.3/avr5\libgcc.a(_clz.o)
 .bss           0x00800192        0x0 C:\WinAVR-20100110\avr\lib\libc.a(strlen.o)
 .bss           0x00800192        0x0 C:\WinAVR-20100110\avr\lib\libc.a(itoa.o)
 .bss           0x00800192        0x0 C:\WinAVR-20100110\avr\lib\libc.a(strrev.o)
 *(.bss*)
 *(COMMON)
 COMMON         0x00800192       0x12 obj\Debug\main.o
                0x00800192                iRightSpeed
                0x00800194                timer
                0x00800196                motion_status
                0x00800197                iLeftSpeed
                0x00800199                radius_vier
                0x0080019b                state
                0x0080019d                radius_drei
                0x0080019f                radius_zwei
                0x008001a1                statusLEDs
                0x008001a2                radius_eins
 COMMON         0x008001a4       0x67 obj\Debug\RP6Lib\RP6base\RP6RobotBaseLib.o
                0x008001a4                bumper_left
                0x008001a5                preStop_R
                0x008001a7                mright_des_speed
                0x008001a9                mleft_des_speed
                0x008001ab                mleft_des_speed_tmp
                0x008001ad                sysStatACS
                0x008001ae                ircomm_send
                0x008001af                overcurrent_error_clear
                0x008001b0                distanceToMove_R
                0x008001b2                acs_pulse
                0x008001b3                left_i
                0x008001b5                IRCOMM_RC5_data
                0x008001b7                motor_control
                0x008001b8                leds_on
                0x008001b9                mleft_power
                0x008001bb                mleft_speed
                0x008001bd                preDecelerate_R
                0x008001bf                mright_des_speed_tmp
                0x008001c1                adc1
                0x008001c3                adcLSL
                0x008001c5                acs_timer
                0x008001c7                preStop_L
                0x008001c9                mright_power
                0x008001cb                mright_counter
                0x008001cd                ircomm_data_tmp
                0x008001cf                distanceToMove_L
                0x008001d1                stopwatches
                0x008001e2                overcurrent_timeout
                0x008001e3                obstacle_left
                0x008001e4                overcurrent_errors
                0x008001e5                overcurrent_timer
                0x008001e6                mright_ptmp
                0x008001e7                ircomm_data
                0x008001e9                adcLSR
                0x008001eb                speed_adjust_timer
                0x008001ec                obstacle_right
                0x008001ed                speed_timer
                0x008001ee                right_i
                0x008001f0                bumper_timer
                0x008001f1                mright_dist
                0x008001f3                preDecelerate_L
                0x008001f5                mleft_counter
                0x008001f7                adc0
                0x008001f9                delay_timer
                0x008001fa                adcMotorCurrentRight
                0x008001fc                ms_timer
                0x008001fd                mright_speed
                0x008001ff                mleft_dist
                0x00800201                bumper_right
                0x00800202                acs_event_counter
                0x00800203                motion_status_tmp
                0x00800204                adcBat
                0x00800206                IRCOMM_RC5_data_ok
                0x00800208                mleft_ptmp
                0x00800209                adcMotorCurrentLeft
 COMMON         0x0080020b       0x41 obj\Debug\RP6Lib\RP6common\RP6I2CslaveTWI.o
                0x0080020b                I2CTWI_genCallCMD
                0x0080020c                I2CTWI_writeRegisters
                0x0080021c                I2CTWI_readRegisters
 COMMON         0x0080024c       0x22 obj\Debug\RP6Lib\RP6common\RP6uart.o
                0x0080024c                uart_status
                0x0080024d                uart_receive_buffer
                0x0080026e                PROVIDE (__bss_end, .)
                0x00003f38                __data_load_start = LOADADDR (.data)
                0x0000404c                __data_load_end = (__data_load_start + SIZEOF (.data))

.noinit         0x0080026e        0x0
                0x0080026e                PROVIDE (__noinit_start, .)
 *(.noinit*)
                0x0080026e                PROVIDE (__noinit_end, .)
                0x0080026e                _end = .
                0x0080026e                PROVIDE (__heap_start, .)

.eeprom         0x00810000        0x0
 *(.eeprom*)
                0x00810000                __eeprom_end = .

.fuse
 *(.fuse)
 *(.lfuse)
 *(.hfuse)
 *(.efuse)

.lock
 *(.lock*)

.signature
 *(.signature*)

.stab
 *(.stab)

.stabstr
 *(.stabstr)

.stab.excl
 *(.stab.excl)

.stab.exclstr
 *(.stab.exclstr)

.stab.index
 *(.stab.index)

.stab.indexstr
 *(.stab.indexstr)

.comment
 *(.comment)

.debug
 *(.debug)

.line
 *(.line)

.debug_srcinfo
 *(.debug_srcinfo)

.debug_sfnames
 *(.debug_sfnames)

.debug_aranges  0x00000000      0x200
 *(.debug_aranges)
 .debug_aranges
                0x00000000       0x20 obj\Debug\main.o
 .debug_aranges
                0x00000020       0x20 obj\Debug\RP6Lib\RP6base\RP6RobotBaseLib.o
 .debug_aranges
                0x00000040       0x20 obj\Debug\RP6Lib\RP6common\RP6I2CslaveTWI.o
 .debug_aranges
                0x00000060       0x20 obj\Debug\RP6Lib\RP6common\RP6uart.o
 .debug_aranges
                0x00000080       0x20 c:/winavr-20100110/bin/../lib/gcc/avr/4.3.3/avr5\libgcc.a(_fixunssfsi.o)
 .debug_aranges
                0x000000a0       0x20 c:/winavr-20100110/bin/../lib/gcc/avr/4.3.3/avr5\libgcc.a(_addsub_sf.o)
 .debug_aranges
                0x000000c0       0x20 c:/winavr-20100110/bin/../lib/gcc/avr/4.3.3/avr5\libgcc.a(_mul_sf.o)
 .debug_aranges
                0x000000e0       0x20 c:/winavr-20100110/bin/../lib/gcc/avr/4.3.3/avr5\libgcc.a(_div_sf.o)
 .debug_aranges
                0x00000100       0x20 c:/winavr-20100110/bin/../lib/gcc/avr/4.3.3/avr5\libgcc.a(_ge_sf.o)
 .debug_aranges
                0x00000120       0x20 c:/winavr-20100110/bin/../lib/gcc/avr/4.3.3/avr5\libgcc.a(_si_to_sf.o)
 .debug_aranges
                0x00000140       0x20 c:/winavr-20100110/bin/../lib/gcc/avr/4.3.3/avr5\libgcc.a(_sf_to_si.o)
 .debug_aranges
                0x00000160       0x20 c:/winavr-20100110/bin/../lib/gcc/avr/4.3.3/avr5\libgcc.a(_usi_to_sf.o)
 .debug_aranges
                0x00000180       0x20 c:/winavr-20100110/bin/../lib/gcc/avr/4.3.3/avr5\libgcc.a(_clzsi2.o)
 .debug_aranges
                0x000001a0       0x20 c:/winavr-20100110/bin/../lib/gcc/avr/4.3.3/avr5\libgcc.a(_pack_sf.o)
 .debug_aranges
                0x000001c0       0x20 c:/winavr-20100110/bin/../lib/gcc/avr/4.3.3/avr5\libgcc.a(_unpack_sf.o)
 .debug_aranges
                0x000001e0       0x20 c:/winavr-20100110/bin/../lib/gcc/avr/4.3.3/avr5\libgcc.a(_fpcmp_parts_sf.o)

.debug_pubnames
                0x00000000      0xd26
 *(.debug_pubnames)
 .debug_pubnames
                0x00000000      0x112 obj\Debug\main.o
 .debug_pubnames
                0x00000112      0x829 obj\Debug\RP6Lib\RP6base\RP6RobotBaseLib.o
 .debug_pubnames
                0x0000093b       0xdb obj\Debug\RP6Lib\RP6common\RP6I2CslaveTWI.o
 .debug_pubnames
                0x00000a16      0x138 obj\Debug\RP6Lib\RP6common\RP6uart.o
 .debug_pubnames
                0x00000b4e       0x23 c:/winavr-20100110/bin/../lib/gcc/avr/4.3.3/avr5\libgcc.a(_fixunssfsi.o)
 .debug_pubnames
                0x00000b71       0x2c c:/winavr-20100110/bin/../lib/gcc/avr/4.3.3/avr5\libgcc.a(_addsub_sf.o)
 .debug_pubnames
                0x00000b9d       0x1f c:/winavr-20100110/bin/../lib/gcc/avr/4.3.3/avr5\libgcc.a(_mul_sf.o)
 .debug_pubnames
                0x00000bbc       0x1f c:/winavr-20100110/bin/../lib/gcc/avr/4.3.3/avr5\libgcc.a(_div_sf.o)
 .debug_pubnames
                0x00000bdb       0x1e c:/winavr-20100110/bin/../lib/gcc/avr/4.3.3/avr5\libgcc.a(_ge_sf.o)
 .debug_pubnames
                0x00000bf9       0x22 c:/winavr-20100110/bin/../lib/gcc/avr/4.3.3/avr5\libgcc.a(_si_to_sf.o)
 .debug_pubnames
                0x00000c1b       0x20 c:/winavr-20100110/bin/../lib/gcc/avr/4.3.3/avr5\libgcc.a(_sf_to_si.o)
 .debug_pubnames
                0x00000c3b       0x22 c:/winavr-20100110/bin/../lib/gcc/avr/4.3.3/avr5\libgcc.a(_thenan_sf.o)
 .debug_pubnames
                0x00000c5d       0x24 c:/winavr-20100110/bin/../lib/gcc/avr/4.3.3/avr5\libgcc.a(_usi_to_sf.o)
 .debug_pubnames
                0x00000c81       0x1f c:/winavr-20100110/bin/../lib/gcc/avr/4.3.3/avr5\libgcc.a(_clzsi2.o)
 .debug_pubnames
                0x00000ca0       0x1f c:/winavr-20100110/bin/../lib/gcc/avr/4.3.3/avr5\libgcc.a(_pack_sf.o)
 .debug_pubnames
                0x00000cbf       0x21 c:/winavr-20100110/bin/../lib/gcc/avr/4.3.3/avr5\libgcc.a(_unpack_sf.o)
 .debug_pubnames
                0x00000ce0       0x26 c:/winavr-20100110/bin/../lib/gcc/avr/4.3.3/avr5\libgcc.a(_fpcmp_parts_sf.o)
 .debug_pubnames
                0x00000d06       0x20 c:/winavr-20100110/bin/../lib/gcc/avr/4.3.3/avr5\libgcc.a(_clz.o)

.debug_info     0x00000000     0x3d81
 *(.debug_info)
 .debug_info    0x00000000      0x425 obj\Debug\main.o
 .debug_info    0x00000425     0x1336 obj\Debug\RP6Lib\RP6base\RP6RobotBaseLib.o
 .debug_info    0x0000175b      0x176 obj\Debug\RP6Lib\RP6common\RP6I2CslaveTWI.o
 .debug_info    0x000018d1      0x39c obj\Debug\RP6Lib\RP6common\RP6uart.o
 .debug_info    0x00001c6d       0xb1 c:/winavr-20100110/bin/../lib/gcc/avr/4.3.3/avr5\libgcc.a(_fixunssfsi.o)
 .debug_info    0x00001d1e      0x47a c:/winavr-20100110/bin/../lib/gcc/avr/4.3.3/avr5\libgcc.a(_addsub_sf.o)
 .debug_info    0x00002198      0x485 c:/winavr-20100110/bin/../lib/gcc/avr/4.3.3/avr5\libgcc.a(_mul_sf.o)
 .debug_info    0x0000261d      0x3fc c:/winavr-20100110/bin/../lib/gcc/avr/4.3.3/avr5\libgcc.a(_div_sf.o)
 .debug_info    0x00002a19      0x27f c:/winavr-20100110/bin/../lib/gcc/avr/4.3.3/avr5\libgcc.a(_ge_sf.o)
 .debug_info    0x00002c98      0x207 c:/winavr-20100110/bin/../lib/gcc/avr/4.3.3/avr5\libgcc.a(_si_to_sf.o)
 .debug_info    0x00002e9f      0x2b0 c:/winavr-20100110/bin/../lib/gcc/avr/4.3.3/avr5\libgcc.a(_sf_to_si.o)
 .debug_info    0x0000314f      0x12c c:/winavr-20100110/bin/../lib/gcc/avr/4.3.3/avr5\libgcc.a(_thenan_sf.o)
 .debug_info    0x0000327b      0x206 c:/winavr-20100110/bin/../lib/gcc/avr/4.3.3/avr5\libgcc.a(_usi_to_sf.o)
 .debug_info    0x00003481      0x117 c:/winavr-20100110/bin/../lib/gcc/avr/4.3.3/avr5\libgcc.a(_clzsi2.o)
 .debug_info    0x00003598      0x2df c:/winavr-20100110/bin/../lib/gcc/avr/4.3.3/avr5\libgcc.a(_pack_sf.o)
 .debug_info    0x00003877      0x251 c:/winavr-20100110/bin/../lib/gcc/avr/4.3.3/avr5\libgcc.a(_unpack_sf.o)
 .debug_info    0x00003ac8      0x210 c:/winavr-20100110/bin/../lib/gcc/avr/4.3.3/avr5\libgcc.a(_fpcmp_parts_sf.o)
 .debug_info    0x00003cd8       0xa9 c:/winavr-20100110/bin/../lib/gcc/avr/4.3.3/avr5\libgcc.a(_clz.o)
 *(.gnu.linkonce.wi.*)

.debug_abbrev   0x00000000     0x17e5
 *(.debug_abbrev)
 .debug_abbrev  0x00000000      0x143 obj\Debug\main.o
 .debug_abbrev  0x00000143      0x279 obj\Debug\RP6Lib\RP6base\RP6RobotBaseLib.o
 .debug_abbrev  0x000003bc       0x9f obj\Debug\RP6Lib\RP6common\RP6I2CslaveTWI.o
 .debug_abbrev  0x0000045b      0x170 obj\Debug\RP6Lib\RP6common\RP6uart.o
 .debug_abbrev  0x000005cb       0x5d c:/winavr-20100110/bin/../lib/gcc/avr/4.3.3/avr5\libgcc.a(_fixunssfsi.o)
 .debug_abbrev  0x00000628      0x1ea c:/winavr-20100110/bin/../lib/gcc/avr/4.3.3/avr5\libgcc.a(_addsub_sf.o)
 .debug_abbrev  0x00000812      0x21b c:/winavr-20100110/bin/../lib/gcc/avr/4.3.3/avr5\libgcc.a(_mul_sf.o)
 .debug_abbrev  0x00000a2d      0x216 c:/winavr-20100110/bin/../lib/gcc/avr/4.3.3/avr5\libgcc.a(_div_sf.o)
 .debug_abbrev  0x00000c43      0x15a c:/winavr-20100110/bin/../lib/gcc/avr/4.3.3/avr5\libgcc.a(_ge_sf.o)
 .debug_abbrev  0x00000d9d      0x148 c:/winavr-20100110/bin/../lib/gcc/avr/4.3.3/avr5\libgcc.a(_si_to_sf.o)
 .debug_abbrev  0x00000ee5      0x17f c:/winavr-20100110/bin/../lib/gcc/avr/4.3.3/avr5\libgcc.a(_sf_to_si.o)
 .debug_abbrev  0x00001064       0xad c:/winavr-20100110/bin/../lib/gcc/avr/4.3.3/avr5\libgcc.a(_thenan_sf.o)
 .debug_abbrev  0x00001111      0x157 c:/winavr-20100110/bin/../lib/gcc/avr/4.3.3/avr5\libgcc.a(_usi_to_sf.o)
 .debug_abbrev  0x00001268       0xc4 c:/winavr-20100110/bin/../lib/gcc/avr/4.3.3/avr5\libgcc.a(_clzsi2.o)
 .debug_abbrev  0x0000132c      0x1c0 c:/winavr-20100110/bin/../lib/gcc/avr/4.3.3/avr5\libgcc.a(_pack_sf.o)
 .debug_abbrev  0x000014ec      0x154 c:/winavr-20100110/bin/../lib/gcc/avr/4.3.3/avr5\libgcc.a(_unpack_sf.o)
 .debug_abbrev  0x00001640      0x13b c:/winavr-20100110/bin/../lib/gcc/avr/4.3.3/avr5\libgcc.a(_fpcmp_parts_sf.o)
 .debug_abbrev  0x0000177b       0x6a c:/winavr-20100110/bin/../lib/gcc/avr/4.3.3/avr5\libgcc.a(_clz.o)

.debug_line     0x00000000     0x2ddc
 *(.debug_line)
 .debug_line    0x00000000      0x237 obj\Debug\main.o
 .debug_line    0x00000237     0x15c3 obj\Debug\RP6Lib\RP6base\RP6RobotBaseLib.o
 .debug_line    0x000017fa      0x1c6 obj\Debug\RP6Lib\RP6common\RP6I2CslaveTWI.o
 .debug_line    0x000019c0      0x2b7 obj\Debug\RP6Lib\RP6common\RP6uart.o
 .debug_line    0x00001c77       0xa7 c:/winavr-20100110/bin/../lib/gcc/avr/4.3.3/avr5\libgcc.a(_fixunssfsi.o)
 .debug_line    0x00001d1e      0x2af c:/winavr-20100110/bin/../lib/gcc/avr/4.3.3/avr5\libgcc.a(_addsub_sf.o)
 .debug_line    0x00001fcd      0x239 c:/winavr-20100110/bin/../lib/gcc/avr/4.3.3/avr5\libgcc.a(_mul_sf.o)
 .debug_line    0x00002206      0x1d5 c:/winavr-20100110/bin/../lib/gcc/avr/4.3.3/avr5\libgcc.a(_div_sf.o)
 .debug_line    0x000023db       0xd3 c:/winavr-20100110/bin/../lib/gcc/avr/4.3.3/avr5\libgcc.a(_ge_sf.o)
 .debug_line    0x000024ae      0x135 c:/winavr-20100110/bin/../lib/gcc/avr/4.3.3/avr5\libgcc.a(_si_to_sf.o)
 .debug_line    0x000025e3      0x109 c:/winavr-20100110/bin/../lib/gcc/avr/4.3.3/avr5\libgcc.a(_sf_to_si.o)
 .debug_line    0x000026ec       0x90 c:/winavr-20100110/bin/../lib/gcc/avr/4.3.3/avr5\libgcc.a(_thenan_sf.o)
 .debug_line    0x0000277c      0x133 c:/winavr-20100110/bin/../lib/gcc/avr/4.3.3/avr5\libgcc.a(_usi_to_sf.o)
 .debug_line    0x000028af       0xa5 c:/winavr-20100110/bin/../lib/gcc/avr/4.3.3/avr5\libgcc.a(_clzsi2.o)
 .debug_line    0x00002954      0x18a c:/winavr-20100110/bin/../lib/gcc/avr/4.3.3/avr5\libgcc.a(_pack_sf.o)
 .debug_line    0x00002ade      0x14b c:/winavr-20100110/bin/../lib/gcc/avr/4.3.3/avr5\libgcc.a(_unpack_sf.o)
 .debug_line    0x00002c29      0x137 c:/winavr-20100110/bin/../lib/gcc/avr/4.3.3/avr5\libgcc.a(_fpcmp_parts_sf.o)
 .debug_line    0x00002d60       0x7c c:/winavr-20100110/bin/../lib/gcc/avr/4.3.3/avr5\libgcc.a(_clz.o)

.debug_frame    0x00000000      0x630
 *(.debug_frame)
 .debug_frame   0x00000000       0x60 obj\Debug\main.o
 .debug_frame   0x00000060      0x340 obj\Debug\RP6Lib\RP6base\RP6RobotBaseLib.o
 .debug_frame   0x000003a0       0x30 obj\Debug\RP6Lib\RP6common\RP6I2CslaveTWI.o
 .debug_frame   0x000003d0       0xc0 obj\Debug\RP6Lib\RP6common\RP6uart.o
 .debug_frame   0x00000490       0x20 c:/winavr-20100110/bin/../lib/gcc/avr/4.3.3/avr5\libgcc.a(_fixunssfsi.o)
 .debug_frame   0x000004b0       0x40 c:/winavr-20100110/bin/../lib/gcc/avr/4.3.3/avr5\libgcc.a(_addsub_sf.o)
 .debug_frame   0x000004f0       0x20 c:/winavr-20100110/bin/../lib/gcc/avr/4.3.3/avr5\libgcc.a(_mul_sf.o)
 .debug_frame   0x00000510       0x20 c:/winavr-20100110/bin/../lib/gcc/avr/4.3.3/avr5\libgcc.a(_div_sf.o)
 .debug_frame   0x00000530       0x20 c:/winavr-20100110/bin/../lib/gcc/avr/4.3.3/avr5\libgcc.a(_ge_sf.o)
 .debug_frame   0x00000550       0x20 c:/winavr-20100110/bin/../lib/gcc/avr/4.3.3/avr5\libgcc.a(_si_to_sf.o)
 .debug_frame   0x00000570       0x20 c:/winavr-20100110/bin/../lib/gcc/avr/4.3.3/avr5\libgcc.a(_sf_to_si.o)
 .debug_frame   0x00000590       0x20 c:/winavr-20100110/bin/../lib/gcc/avr/4.3.3/avr5\libgcc.a(_usi_to_sf.o)
 .debug_frame   0x000005b0       0x20 c:/winavr-20100110/bin/../lib/gcc/avr/4.3.3/avr5\libgcc.a(_clzsi2.o)
 .debug_frame   0x000005d0       0x20 c:/winavr-20100110/bin/../lib/gcc/avr/4.3.3/avr5\libgcc.a(_pack_sf.o)
 .debug_frame   0x000005f0       0x20 c:/winavr-20100110/bin/../lib/gcc/avr/4.3.3/avr5\libgcc.a(_unpack_sf.o)
 .debug_frame   0x00000610       0x20 c:/winavr-20100110/bin/../lib/gcc/avr/4.3.3/avr5\libgcc.a(_fpcmp_parts_sf.o)

.debug_str      0x00000000      0xf6a
 *(.debug_str)
 .debug_str     0x00000000      0x20d obj\Debug\main.o
                                0x265 (size before relaxing)
 .debug_str     0x0000020d      0x876 obj\Debug\RP6Lib\RP6base\RP6RobotBaseLib.o
                                0xa54 (size before relaxing)
 .debug_str     0x00000a83       0xea obj\Debug\RP6Lib\RP6common\RP6I2CslaveTWI.o
                                0x19d (size before relaxing)
 .debug_str     0x00000b6d      0x145 obj\Debug\RP6Lib\RP6common\RP6uart.o
                                0x223 (size before relaxing)
 .debug_str     0x00000cb2       0x80 c:/winavr-20100110/bin/../lib/gcc/avr/4.3.3/avr5\libgcc.a(_fixunssfsi.o)
                                 0xfe (size before relaxing)
 .debug_str     0x00000d32      0x14d c:/winavr-20100110/bin/../lib/gcc/avr/4.3.3/avr5\libgcc.a(_addsub_sf.o)
                                0x206 (size before relaxing)
 .debug_str     0x00000e7f       0x27 c:/winavr-20100110/bin/../lib/gcc/avr/4.3.3/avr5\libgcc.a(_mul_sf.o)
                                0x1bf (size before relaxing)
 .debug_str     0x00000ea6       0x35 c:/winavr-20100110/bin/../lib/gcc/avr/4.3.3/avr5\libgcc.a(_div_sf.o)
                                0x1c8 (size before relaxing)
 .debug_str     0x00000edb        0x8 c:/winavr-20100110/bin/../lib/gcc/avr/4.3.3/avr5\libgcc.a(_ge_sf.o)
                                0x195 (size before relaxing)
 .debug_str     0x00000ee3       0x1e c:/winavr-20100110/bin/../lib/gcc/avr/4.3.3/avr5\libgcc.a(_si_to_sf.o)
                                0x17b (size before relaxing)
 .debug_str     0x00000f01        0xa c:/winavr-20100110/bin/../lib/gcc/avr/4.3.3/avr5\libgcc.a(_sf_to_si.o)
                                0x19e (size before relaxing)
 .debug_str     0x00000000      0x103 c:/winavr-20100110/bin/../lib/gcc/avr/4.3.3/avr5\libgcc.a(_thenan_sf.o)
 .debug_str     0x00000f0b       0x14 c:/winavr-20100110/bin/../lib/gcc/avr/4.3.3/avr5\libgcc.a(_usi_to_sf.o)
                                0x177 (size before relaxing)
 .debug_str     0x00000f1f       0x20 c:/winavr-20100110/bin/../lib/gcc/avr/4.3.3/avr5\libgcc.a(_clzsi2.o)
                                0x111 (size before relaxing)
 .debug_str     0x00000f3f       0x10 c:/winavr-20100110/bin/../lib/gcc/avr/4.3.3/avr5\libgcc.a(_pack_sf.o)
                                0x19d (size before relaxing)
 .debug_str     0x00000f4f        0xb c:/winavr-20100110/bin/../lib/gcc/avr/4.3.3/avr5\libgcc.a(_unpack_sf.o)
                                0x17f (size before relaxing)
 .debug_str     0x00000f5a       0x10 c:/winavr-20100110/bin/../lib/gcc/avr/4.3.3/avr5\libgcc.a(_fpcmp_parts_sf.o)
                                0x163 (size before relaxing)
 .debug_str     0x00000000       0xf4 c:/winavr-20100110/bin/../lib/gcc/avr/4.3.3/avr5\libgcc.a(_clz.o)

.debug_loc      0x00000000      0x9a2
 *(.debug_loc)
 .debug_loc     0x00000000       0x34 c:/winavr-20100110/bin/../lib/gcc/avr/4.3.3/avr5\libgcc.a(_fixunssfsi.o)
 .debug_loc     0x00000034      0x32a c:/winavr-20100110/bin/../lib/gcc/avr/4.3.3/avr5\libgcc.a(_addsub_sf.o)
 .debug_loc     0x0000035e      0x104 c:/winavr-20100110/bin/../lib/gcc/avr/4.3.3/avr5\libgcc.a(_mul_sf.o)
 .debug_loc     0x00000462       0xc0 c:/winavr-20100110/bin/../lib/gcc/avr/4.3.3/avr5\libgcc.a(_div_sf.o)
 .debug_loc     0x00000522       0x3c c:/winavr-20100110/bin/../lib/gcc/avr/4.3.3/avr5\libgcc.a(_ge_sf.o)
 .debug_loc     0x0000055e       0xac c:/winavr-20100110/bin/../lib/gcc/avr/4.3.3/avr5\libgcc.a(_si_to_sf.o)
 .debug_loc     0x0000060a       0x7e c:/winavr-20100110/bin/../lib/gcc/avr/4.3.3/avr5\libgcc.a(_sf_to_si.o)
 .debug_loc     0x00000688       0x4c c:/winavr-20100110/bin/../lib/gcc/avr/4.3.3/avr5\libgcc.a(_usi_to_sf.o)
 .debug_loc     0x000006d4       0x94 c:/winavr-20100110/bin/../lib/gcc/avr/4.3.3/avr5\libgcc.a(_clzsi2.o)
 .debug_loc     0x00000768      0x13e c:/winavr-20100110/bin/../lib/gcc/avr/4.3.3/avr5\libgcc.a(_pack_sf.o)
 .debug_loc     0x000008a6       0xac c:/winavr-20100110/bin/../lib/gcc/avr/4.3.3/avr5\libgcc.a(_unpack_sf.o)
 .debug_loc     0x00000952       0x50 c:/winavr-20100110/bin/../lib/gcc/avr/4.3.3/avr5\libgcc.a(_fpcmp_parts_sf.o)

.debug_macinfo
 *(.debug_macinfo)
OUTPUT(bin\Debug\RP6.elf elf32-avr)
LOAD linker stubs

.debug_ranges   0x00000000       0x50
 .debug_ranges  0x00000000       0x50 c:/winavr-20100110/bin/../lib/gcc/avr/4.3.3/avr5\libgcc.a(_mul_sf.o)

Cross Reference Table

Symbol                                            File
ACS_setStateChangedHandler                        obj\Debug\RP6Lib\RP6base\RP6RobotBaseLib.o
ACS_stateChanged_DUMMY                            obj\Debug\RP6Lib\RP6base\RP6RobotBaseLib.o
BUMPERS_setStateChangedHandler                    obj\Debug\RP6Lib\RP6base\RP6RobotBaseLib.o
BUMPERS_stateChanged_DUMMY                        obj\Debug\RP6Lib\RP6base\RP6RobotBaseLib.o
I2CTWI_dataReadFromReg                            obj\Debug\RP6Lib\RP6common\RP6I2CslaveTWI.o
I2CTWI_dataWasRead                                obj\Debug\RP6Lib\RP6common\RP6I2CslaveTWI.o
I2CTWI_genCallCMD                                 obj\Debug\RP6Lib\RP6common\RP6I2CslaveTWI.o
I2CTWI_initSlave                                  obj\Debug\RP6Lib\RP6common\RP6I2CslaveTWI.o
I2CTWI_readBusy                                   obj\Debug\RP6Lib\RP6common\RP6I2CslaveTWI.o
I2CTWI_readRegisters                              obj\Debug\RP6Lib\RP6common\RP6I2CslaveTWI.o
I2CTWI_writeBusy                                  obj\Debug\RP6Lib\RP6common\RP6I2CslaveTWI.o
I2CTWI_writeRegisters                             obj\Debug\RP6Lib\RP6common\RP6I2CslaveTWI.o
IRCOMM_RC5_data                                   obj\Debug\RP6Lib\RP6base\RP6RobotBaseLib.o
IRCOMM_RC5_data_ok                                obj\Debug\RP6Lib\RP6base\RP6RobotBaseLib.o
IRCOMM_RC5dataReady_DUMMY                         obj\Debug\RP6Lib\RP6base\RP6RobotBaseLib.o
IRCOMM_sendRC5                                    obj\Debug\RP6Lib\RP6base\RP6RobotBaseLib.o
IRCOMM_setRC5DataReadyHandler                     obj\Debug\RP6Lib\RP6base\RP6RobotBaseLib.o
MOTIONCONTROL_setStateChangedHandler              obj\Debug\RP6Lib\RP6base\RP6RobotBaseLib.o
MOTIONCONTROL_stateChanged_DUMMY                  obj\Debug\RP6Lib\RP6base\RP6RobotBaseLib.o
__addsf3                                          c:/winavr-20100110/bin/../lib/gcc/avr/4.3.3/avr5\libgcc.a(_addsub_sf.o)
                                                  obj\Debug\main.o
__bad_interrupt                                   c:/winavr-20100110/bin/../lib/gcc/avr/4.3.3/../../../../avr/lib/avr5/crtm32.o
__bss_end                                         c:/winavr-20100110/bin/../lib/gcc/avr/4.3.3/avr5\libgcc.a(_clear_bss.o)
__bss_start                                       c:/winavr-20100110/bin/../lib/gcc/avr/4.3.3/avr5\libgcc.a(_clear_bss.o)
__clz_tab                                         c:/winavr-20100110/bin/../lib/gcc/avr/4.3.3/avr5\libgcc.a(_clz.o)
                                                  c:/winavr-20100110/bin/../lib/gcc/avr/4.3.3/avr5\libgcc.a(_clzsi2.o)
__clzsi2                                          c:/winavr-20100110/bin/../lib/gcc/avr/4.3.3/avr5\libgcc.a(_clzsi2.o)
                                                  c:/winavr-20100110/bin/../lib/gcc/avr/4.3.3/avr5\libgcc.a(_usi_to_sf.o)
                                                  c:/winavr-20100110/bin/../lib/gcc/avr/4.3.3/avr5\libgcc.a(_si_to_sf.o)
__data_end                                        c:/winavr-20100110/bin/../lib/gcc/avr/4.3.3/avr5\libgcc.a(_copy_data.o)
__data_load_start                                 c:/winavr-20100110/bin/../lib/gcc/avr/4.3.3/avr5\libgcc.a(_copy_data.o)
__data_start                                      c:/winavr-20100110/bin/../lib/gcc/avr/4.3.3/avr5\libgcc.a(_copy_data.o)
__divsf3                                          c:/winavr-20100110/bin/../lib/gcc/avr/4.3.3/avr5\libgcc.a(_div_sf.o)
                                                  obj\Debug\main.o
__do_clear_bss                                    c:/winavr-20100110/bin/../lib/gcc/avr/4.3.3/avr5\libgcc.a(_clear_bss.o)
                                                  obj\Debug\RP6Lib\RP6common\RP6uart.o
                                                  obj\Debug\RP6Lib\RP6common\RP6I2CslaveTWI.o
                                                  obj\Debug\RP6Lib\RP6base\RP6RobotBaseLib.o
                                                  obj\Debug\main.o
__do_copy_data                                    c:/winavr-20100110/bin/../lib/gcc/avr/4.3.3/avr5\libgcc.a(_copy_data.o)
                                                  c:/winavr-20100110/bin/../lib/gcc/avr/4.3.3/avr5\libgcc.a(_clz.o)
                                                  c:/winavr-20100110/bin/../lib/gcc/avr/4.3.3/avr5\libgcc.a(_thenan_sf.o)
                                                  obj\Debug\RP6Lib\RP6base\RP6RobotBaseLib.o
                                                  obj\Debug\main.o
__epilogue_restores__                             c:/winavr-20100110/bin/../lib/gcc/avr/4.3.3/avr5\libgcc.a(_epilogue.o)
                                                  c:/winavr-20100110/bin/../lib/gcc/avr/4.3.3/avr5\libgcc.a(_usi_to_sf.o)
                                                  c:/winavr-20100110/bin/../lib/gcc/avr/4.3.3/avr5\libgcc.a(_sf_to_si.o)
                                                  c:/winavr-20100110/bin/../lib/gcc/avr/4.3.3/avr5\libgcc.a(_si_to_sf.o)
                                                  c:/winavr-20100110/bin/../lib/gcc/avr/4.3.3/avr5\libgcc.a(_ge_sf.o)
                                                  c:/winavr-20100110/bin/../lib/gcc/avr/4.3.3/avr5\libgcc.a(_div_sf.o)
                                                  c:/winavr-20100110/bin/../lib/gcc/avr/4.3.3/avr5\libgcc.a(_mul_sf.o)
                                                  c:/winavr-20100110/bin/../lib/gcc/avr/4.3.3/avr5\libgcc.a(_addsub_sf.o)
__fixsfsi                                         c:/winavr-20100110/bin/../lib/gcc/avr/4.3.3/avr5\libgcc.a(_sf_to_si.o)
                                                  c:/winavr-20100110/bin/../lib/gcc/avr/4.3.3/avr5\libgcc.a(_fixunssfsi.o)
                                                  obj\Debug\main.o
__fixunssfsi                                      c:/winavr-20100110/bin/../lib/gcc/avr/4.3.3/avr5\libgcc.a(_fixunssfsi.o)
                                                  obj\Debug\main.o
__floatsisf                                       c:/winavr-20100110/bin/../lib/gcc/avr/4.3.3/avr5\libgcc.a(_si_to_sf.o)
                                                  obj\Debug\main.o
__floatunsisf                                     c:/winavr-20100110/bin/../lib/gcc/avr/4.3.3/avr5\libgcc.a(_usi_to_sf.o)
                                                  obj\Debug\main.o
__fpcmp_parts_f                                   c:/winavr-20100110/bin/../lib/gcc/avr/4.3.3/avr5\libgcc.a(_fpcmp_parts_sf.o)
                                                  c:/winavr-20100110/bin/../lib/gcc/avr/4.3.3/avr5\libgcc.a(_ge_sf.o)
__gesf2                                           c:/winavr-20100110/bin/../lib/gcc/avr/4.3.3/avr5\libgcc.a(_ge_sf.o)
                                                  c:/winavr-20100110/bin/../lib/gcc/avr/4.3.3/avr5\libgcc.a(_fixunssfsi.o)
__heap_end                                        c:/winavr-20100110/bin/../lib/gcc/avr/4.3.3/../../../../avr/lib/avr5/crtm32.o
__init                                            c:/winavr-20100110/bin/../lib/gcc/avr/4.3.3/../../../../avr/lib/avr5/crtm32.o
__mulsf3                                          c:/winavr-20100110/bin/../lib/gcc/avr/4.3.3/avr5\libgcc.a(_mul_sf.o)
                                                  obj\Debug\main.o
__mulsi3                                          c:/winavr-20100110/bin/../lib/gcc/avr/4.3.3/avr5\libgcc.a(_mulsi3.o)
                                                  obj\Debug\RP6Lib\RP6base\RP6RobotBaseLib.o
__pack_f                                          c:/winavr-20100110/bin/../lib/gcc/avr/4.3.3/avr5\libgcc.a(_pack_sf.o)
                                                  c:/winavr-20100110/bin/../lib/gcc/avr/4.3.3/avr5\libgcc.a(_usi_to_sf.o)
                                                  c:/winavr-20100110/bin/../lib/gcc/avr/4.3.3/avr5\libgcc.a(_si_to_sf.o)
                                                  c:/winavr-20100110/bin/../lib/gcc/avr/4.3.3/avr5\libgcc.a(_div_sf.o)
                                                  c:/winavr-20100110/bin/../lib/gcc/avr/4.3.3/avr5\libgcc.a(_mul_sf.o)
                                                  c:/winavr-20100110/bin/../lib/gcc/avr/4.3.3/avr5\libgcc.a(_addsub_sf.o)
__prologue_saves__                                c:/winavr-20100110/bin/../lib/gcc/avr/4.3.3/avr5\libgcc.a(_prologue.o)
                                                  c:/winavr-20100110/bin/../lib/gcc/avr/4.3.3/avr5\libgcc.a(_usi_to_sf.o)
                                                  c:/winavr-20100110/bin/../lib/gcc/avr/4.3.3/avr5\libgcc.a(_sf_to_si.o)
                                                  c:/winavr-20100110/bin/../lib/gcc/avr/4.3.3/avr5\libgcc.a(_si_to_sf.o)
                                                  c:/winavr-20100110/bin/../lib/gcc/avr/4.3.3/avr5\libgcc.a(_ge_sf.o)
                                                  c:/winavr-20100110/bin/../lib/gcc/avr/4.3.3/avr5\libgcc.a(_div_sf.o)
                                                  c:/winavr-20100110/bin/../lib/gcc/avr/4.3.3/avr5\libgcc.a(_mul_sf.o)
                                                  c:/winavr-20100110/bin/../lib/gcc/avr/4.3.3/avr5\libgcc.a(_addsub_sf.o)
__stack                                           c:/winavr-20100110/bin/../lib/gcc/avr/4.3.3/../../../../avr/lib/avr5/crtm32.o
__subsf3                                          c:/winavr-20100110/bin/../lib/gcc/avr/4.3.3/avr5\libgcc.a(_addsub_sf.o)
                                                  c:/winavr-20100110/bin/../lib/gcc/avr/4.3.3/avr5\libgcc.a(_fixunssfsi.o)
                                                  obj\Debug\main.o
__thenan_sf                                       c:/winavr-20100110/bin/../lib/gcc/avr/4.3.3/avr5\libgcc.a(_thenan_sf.o)
                                                  c:/winavr-20100110/bin/../lib/gcc/avr/4.3.3/avr5\libgcc.a(_div_sf.o)
                                                  c:/winavr-20100110/bin/../lib/gcc/avr/4.3.3/avr5\libgcc.a(_mul_sf.o)
                                                  c:/winavr-20100110/bin/../lib/gcc/avr/4.3.3/avr5\libgcc.a(_addsub_sf.o)
__udivmodhi4                                      c:/winavr-20100110/bin/../lib/gcc/avr/4.3.3/avr5\libgcc.a(_udivmodhi4.o)
                                                  C:\WinAVR-20100110\avr\lib\libc.a(itoa.o)
                                                  obj\Debug\RP6Lib\RP6base\RP6RobotBaseLib.o
__udivmodsi4                                      c:/winavr-20100110/bin/../lib/gcc/avr/4.3.3/avr5\libgcc.a(_udivmodsi4.o)
                                                  obj\Debug\RP6Lib\RP6base\RP6RobotBaseLib.o
__unpack_f                                        c:/winavr-20100110/bin/../lib/gcc/avr/4.3.3/avr5\libgcc.a(_unpack_sf.o)
                                                  c:/winavr-20100110/bin/../lib/gcc/avr/4.3.3/avr5\libgcc.a(_sf_to_si.o)
                                                  c:/winavr-20100110/bin/../lib/gcc/avr/4.3.3/avr5\libgcc.a(_ge_sf.o)
                                                  c:/winavr-20100110/bin/../lib/gcc/avr/4.3.3/avr5\libgcc.a(_div_sf.o)
                                                  c:/winavr-20100110/bin/../lib/gcc/avr/4.3.3/avr5\libgcc.a(_mul_sf.o)
                                                  c:/winavr-20100110/bin/../lib/gcc/avr/4.3.3/avr5\libgcc.a(_addsub_sf.o)
__vector_1                                        obj\Debug\RP6Lib\RP6base\RP6RobotBaseLib.o
                                                  c:/winavr-20100110/bin/../lib/gcc/avr/4.3.3/../../../../avr/lib/avr5/crtm32.o
__vector_10                                       obj\Debug\RP6Lib\RP6base\RP6RobotBaseLib.o
                                                  c:/winavr-20100110/bin/../lib/gcc/avr/4.3.3/../../../../avr/lib/avr5/crtm32.o
__vector_11                                       c:/winavr-20100110/bin/../lib/gcc/avr/4.3.3/../../../../avr/lib/avr5/crtm32.o
__vector_12                                       c:/winavr-20100110/bin/../lib/gcc/avr/4.3.3/../../../../avr/lib/avr5/crtm32.o
__vector_13                                       obj\Debug\RP6Lib\RP6common\RP6uart.o
                                                  c:/winavr-20100110/bin/../lib/gcc/avr/4.3.3/../../../../avr/lib/avr5/crtm32.o
__vector_14                                       c:/winavr-20100110/bin/../lib/gcc/avr/4.3.3/../../../../avr/lib/avr5/crtm32.o
__vector_15                                       c:/winavr-20100110/bin/../lib/gcc/avr/4.3.3/../../../../avr/lib/avr5/crtm32.o
__vector_16                                       c:/winavr-20100110/bin/../lib/gcc/avr/4.3.3/../../../../avr/lib/avr5/crtm32.o
__vector_17                                       c:/winavr-20100110/bin/../lib/gcc/avr/4.3.3/../../../../avr/lib/avr5/crtm32.o
__vector_18                                       c:/winavr-20100110/bin/../lib/gcc/avr/4.3.3/../../../../avr/lib/avr5/crtm32.o
__vector_19                                       obj\Debug\RP6Lib\RP6common\RP6I2CslaveTWI.o
                                                  c:/winavr-20100110/bin/../lib/gcc/avr/4.3.3/../../../../avr/lib/avr5/crtm32.o
__vector_2                                        obj\Debug\RP6Lib\RP6base\RP6RobotBaseLib.o
                                                  c:/winavr-20100110/bin/../lib/gcc/avr/4.3.3/../../../../avr/lib/avr5/crtm32.o
__vector_20                                       c:/winavr-20100110/bin/../lib/gcc/avr/4.3.3/../../../../avr/lib/avr5/crtm32.o
__vector_3                                        obj\Debug\RP6Lib\RP6base\RP6RobotBaseLib.o
                                                  c:/winavr-20100110/bin/../lib/gcc/avr/4.3.3/../../../../avr/lib/avr5/crtm32.o
__vector_4                                        obj\Debug\RP6Lib\RP6base\RP6RobotBaseLib.o
                                                  c:/winavr-20100110/bin/../lib/gcc/avr/4.3.3/../../../../avr/lib/avr5/crtm32.o
__vector_5                                        c:/winavr-20100110/bin/../lib/gcc/avr/4.3.3/../../../../avr/lib/avr5/crtm32.o
__vector_6                                        c:/winavr-20100110/bin/../lib/gcc/avr/4.3.3/../../../../avr/lib/avr5/crtm32.o
__vector_7                                        c:/winavr-20100110/bin/../lib/gcc/avr/4.3.3/../../../../avr/lib/avr5/crtm32.o
__vector_8                                        c:/winavr-20100110/bin/../lib/gcc/avr/4.3.3/../../../../avr/lib/avr5/crtm32.o
__vector_9                                        c:/winavr-20100110/bin/../lib/gcc/avr/4.3.3/../../../../avr/lib/avr5/crtm32.o
__vector_default                                  c:/winavr-20100110/bin/../lib/gcc/avr/4.3.3/../../../../avr/lib/avr5/crtm32.o
__vectors                                         c:/winavr-20100110/bin/../lib/gcc/avr/4.3.3/../../../../avr/lib/avr5/crtm32.o
_exit                                             c:/winavr-20100110/bin/../lib/gcc/avr/4.3.3/avr5\libgcc.a(_exit.o)
acs_event_counter                                 obj\Debug\RP6Lib\RP6base\RP6RobotBaseLib.o
acs_pulse                                         obj\Debug\RP6Lib\RP6base\RP6RobotBaseLib.o
acs_state                                         obj\Debug\RP6Lib\RP6base\RP6RobotBaseLib.o
acs_timer                                         obj\Debug\RP6Lib\RP6base\RP6RobotBaseLib.o
adc0                                              obj\Debug\RP6Lib\RP6base\RP6RobotBaseLib.o
adc1                                              obj\Debug\RP6Lib\RP6base\RP6RobotBaseLib.o
adcBat                                            obj\Debug\RP6Lib\RP6base\RP6RobotBaseLib.o
adcLSL                                            obj\Debug\RP6Lib\RP6base\RP6RobotBaseLib.o
adcLSR                                            obj\Debug\RP6Lib\RP6base\RP6RobotBaseLib.o
adcMotorCurrentLeft                               obj\Debug\RP6Lib\RP6base\RP6RobotBaseLib.o
adcMotorCurrentRight                              obj\Debug\RP6Lib\RP6base\RP6RobotBaseLib.o
bumper_left                                       obj\Debug\RP6Lib\RP6base\RP6RobotBaseLib.o
bumper_right                                      obj\Debug\RP6Lib\RP6base\RP6RobotBaseLib.o
bumper_timer                                      obj\Debug\RP6Lib\RP6base\RP6RobotBaseLib.o
calculateDistanceForLeftTrack_Arc                 obj\Debug\main.o
calculateSpeed                                    obj\Debug\main.o
changeDirection                                   obj\Debug\RP6Lib\RP6base\RP6RobotBaseLib.o
clearReceptionBuffer                              obj\Debug\RP6Lib\RP6common\RP6uart.o
delayCycles                                       obj\Debug\RP6Lib\RP6base\RP6RobotBaseLib.o
delay_timer                                       obj\Debug\RP6Lib\RP6base\RP6RobotBaseLib.o
disableACS                                        obj\Debug\RP6Lib\RP6base\RP6RobotBaseLib.o
disablePowerOnWarning                             obj\Debug\RP6Lib\RP6base\RP6RobotBaseLib.o
distanceToMove_L                                  obj\Debug\RP6Lib\RP6base\RP6RobotBaseLib.o
distanceToMove_R                                  obj\Debug\RP6Lib\RP6base\RP6RobotBaseLib.o
driveRadius                                       obj\Debug\main.o
drive_dir                                         obj\Debug\RP6Lib\RP6base\RP6RobotBaseLib.o
emergencyShutdown                                 obj\Debug\RP6Lib\RP6base\RP6RobotBaseLib.o
enableACS                                         obj\Debug\RP6Lib\RP6base\RP6RobotBaseLib.o
enablePowerOnWarning                              obj\Debug\RP6Lib\RP6base\RP6RobotBaseLib.o
exit                                              c:/winavr-20100110/bin/../lib/gcc/avr/4.3.3/avr5\libgcc.a(_exit.o)
                                                  c:/winavr-20100110/bin/../lib/gcc/avr/4.3.3/../../../../avr/lib/avr5/crtm32.o
extIntOFF                                         obj\Debug\RP6Lib\RP6base\RP6RobotBaseLib.o
extIntON                                          obj\Debug\RP6Lib\RP6base\RP6RobotBaseLib.o
getBufferLength                                   obj\Debug\RP6Lib\RP6common\RP6uart.o
getBumperLeft                                     obj\Debug\RP6Lib\RP6base\RP6RobotBaseLib.o
getBumperRight                                    obj\Debug\RP6Lib\RP6base\RP6RobotBaseLib.o
iLeftSpeed                                        obj\Debug\main.o
iRightSpeed                                       obj\Debug\main.o
iSpeed                                            obj\Debug\main.o
initRP6Control                                    obj\Debug\main.o
initRobotBase                                     obj\Debug\RP6Lib\RP6base\RP6RobotBaseLib.o
                                                  obj\Debug\main.o
ircomm_data                                       obj\Debug\RP6Lib\RP6base\RP6RobotBaseLib.o
ircomm_data_tmp                                   obj\Debug\RP6Lib\RP6base\RP6RobotBaseLib.o
ircomm_send                                       obj\Debug\RP6Lib\RP6base\RP6RobotBaseLib.o
isMovementComplete                                obj\Debug\RP6Lib\RP6base\RP6RobotBaseLib.o
itoa                                              C:\WinAVR-20100110\avr\lib\libc.a(itoa.o)
                                                  obj\Debug\RP6Lib\RP6common\RP6uart.o
leds_on                                           obj\Debug\RP6Lib\RP6base\RP6RobotBaseLib.o
left_i                                            obj\Debug\RP6Lib\RP6base\RP6RobotBaseLib.o
mSleep                                            obj\Debug\RP6Lib\RP6base\RP6RobotBaseLib.o
                                                  obj\Debug\main.o
main                                              obj\Debug\main.o
                                                  c:/winavr-20100110/bin/../lib/gcc/avr/4.3.3/../../../../avr/lib/avr5/crtm32.o
mleft_counter                                     obj\Debug\RP6Lib\RP6base\RP6RobotBaseLib.o
mleft_des_dir                                     obj\Debug\RP6Lib\RP6base\RP6RobotBaseLib.o
mleft_des_speed                                   obj\Debug\RP6Lib\RP6base\RP6RobotBaseLib.o
                                                  obj\Debug\main.o
mleft_des_speed_tmp                               obj\Debug\RP6Lib\RP6base\RP6RobotBaseLib.o
mleft_dir                                         obj\Debug\RP6Lib\RP6base\RP6RobotBaseLib.o
mleft_dist                                        obj\Debug\RP6Lib\RP6base\RP6RobotBaseLib.o
                                                  obj\Debug\main.o
mleft_power                                       obj\Debug\RP6Lib\RP6base\RP6RobotBaseLib.o
mleft_ptmp                                        obj\Debug\RP6Lib\RP6base\RP6RobotBaseLib.o
mleft_speed                                       obj\Debug\RP6Lib\RP6base\RP6RobotBaseLib.o
motion_status                                     obj\Debug\RP6Lib\RP6base\RP6RobotBaseLib.o
                                                  obj\Debug\main.o
motion_status_tmp                                 obj\Debug\RP6Lib\RP6base\RP6RobotBaseLib.o
motor_control                                     obj\Debug\RP6Lib\RP6base\RP6RobotBaseLib.o
move                                              obj\Debug\RP6Lib\RP6base\RP6RobotBaseLib.o
moveAtSpeed                                       obj\Debug\RP6Lib\RP6base\RP6RobotBaseLib.o
moveAtSpeedDirection                              obj\Debug\RP6Lib\RP6base\RP6RobotBaseLib.o
moveCircle                                        obj\Debug\main.o
mright_counter                                    obj\Debug\RP6Lib\RP6base\RP6RobotBaseLib.o
mright_des_dir                                    obj\Debug\RP6Lib\RP6base\RP6RobotBaseLib.o
mright_des_speed                                  obj\Debug\RP6Lib\RP6base\RP6RobotBaseLib.o
                                                  obj\Debug\main.o
mright_des_speed_tmp                              obj\Debug\RP6Lib\RP6base\RP6RobotBaseLib.o
mright_dir                                        obj\Debug\RP6Lib\RP6base\RP6RobotBaseLib.o
mright_dist                                       obj\Debug\RP6Lib\RP6base\RP6RobotBaseLib.o
                                                  obj\Debug\main.o
mright_power                                      obj\Debug\RP6Lib\RP6base\RP6RobotBaseLib.o
mright_ptmp                                       obj\Debug\RP6Lib\RP6base\RP6RobotBaseLib.o
mright_speed                                      obj\Debug\RP6Lib\RP6base\RP6RobotBaseLib.o
ms_timer                                          obj\Debug\RP6Lib\RP6base\RP6RobotBaseLib.o
obstacle_left                                     obj\Debug\RP6Lib\RP6base\RP6RobotBaseLib.o
obstacle_right                                    obj\Debug\RP6Lib\RP6base\RP6RobotBaseLib.o
overcurrent_error_clear                           obj\Debug\RP6Lib\RP6base\RP6RobotBaseLib.o
overcurrent_errors                                obj\Debug\RP6Lib\RP6base\RP6RobotBaseLib.o
overcurrent_timeout                               obj\Debug\RP6Lib\RP6base\RP6RobotBaseLib.o
overcurrent_timer                                 obj\Debug\RP6Lib\RP6base\RP6RobotBaseLib.o
powerOFF                                          obj\Debug\RP6Lib\RP6base\RP6RobotBaseLib.o
powerON                                           obj\Debug\RP6Lib\RP6base\RP6RobotBaseLib.o
                                                  obj\Debug\main.o
preDecelerate_L                                   obj\Debug\RP6Lib\RP6base\RP6RobotBaseLib.o
preDecelerate_R                                   obj\Debug\RP6Lib\RP6base\RP6RobotBaseLib.o
preStop_L                                         obj\Debug\RP6Lib\RP6base\RP6RobotBaseLib.o
preStop_R                                         obj\Debug\RP6Lib\RP6base\RP6RobotBaseLib.o
radius_drei                                       obj\Debug\main.o
radius_eins                                       obj\Debug\main.o
radius_vier                                       obj\Debug\main.o
radius_zwei                                       obj\Debug\main.o
readADC                                           obj\Debug\RP6Lib\RP6base\RP6RobotBaseLib.o
readChar                                          obj\Debug\RP6Lib\RP6common\RP6uart.o
readChars                                         obj\Debug\RP6Lib\RP6common\RP6uart.o
read_pos                                          obj\Debug\RP6Lib\RP6common\RP6uart.o
read_size                                         obj\Debug\RP6Lib\RP6common\RP6uart.o
right_i                                           obj\Debug\RP6Lib\RP6base\RP6RobotBaseLib.o
rotate                                            obj\Debug\RP6Lib\RP6base\RP6RobotBaseLib.o
setACSPwrHigh                                     obj\Debug\RP6Lib\RP6base\RP6RobotBaseLib.o
setACSPwrLow                                      obj\Debug\RP6Lib\RP6base\RP6RobotBaseLib.o
setACSPwrMed                                      obj\Debug\RP6Lib\RP6base\RP6RobotBaseLib.o
setACSPwrOff                                      obj\Debug\RP6Lib\RP6base\RP6RobotBaseLib.o
setLEDs                                           obj\Debug\RP6Lib\RP6base\RP6RobotBaseLib.o
                                                  obj\Debug\main.o
setMotorDir                                       obj\Debug\RP6Lib\RP6base\RP6RobotBaseLib.o
setMotorPower                                     obj\Debug\RP6Lib\RP6base\RP6RobotBaseLib.o
sleep                                             obj\Debug\RP6Lib\RP6base\RP6RobotBaseLib.o
speed_adjust_timer                                obj\Debug\RP6Lib\RP6base\RP6RobotBaseLib.o
speed_timer                                       obj\Debug\RP6Lib\RP6base\RP6RobotBaseLib.o
startADC                                          obj\Debug\RP6Lib\RP6base\RP6RobotBaseLib.o
state                                             obj\Debug\main.o
statusLEDs                                        obj\Debug\RP6Lib\RP6base\RP6RobotBaseLib.o
                                                  obj\Debug\main.o
stop                                              obj\Debug\RP6Lib\RP6base\RP6RobotBaseLib.o
                                                  obj\Debug\main.o
stopwatches                                       obj\Debug\RP6Lib\RP6base\RP6RobotBaseLib.o
strlen                                            C:\WinAVR-20100110\avr\lib\libc.a(strlen.o)
                                                  obj\Debug\RP6Lib\RP6common\RP6uart.o
strrev                                            C:\WinAVR-20100110\avr\lib\libc.a(strrev.o)
                                                  C:\WinAVR-20100110\avr\lib\libc.a(itoa.o)
sysStatACS                                        obj\Debug\RP6Lib\RP6base\RP6RobotBaseLib.o
task_ACS                                          obj\Debug\RP6Lib\RP6base\RP6RobotBaseLib.o
task_ADC                                          obj\Debug\RP6Lib\RP6base\RP6RobotBaseLib.o
                                                  obj\Debug\main.o
task_Bumpers                                      obj\Debug\RP6Lib\RP6base\RP6RobotBaseLib.o
task_RP6System                                    obj\Debug\RP6Lib\RP6base\RP6RobotBaseLib.o
task_motionControl                                obj\Debug\RP6Lib\RP6base\RP6RobotBaseLib.o
                                                  obj\Debug\main.o
timer                                             obj\Debug\RP6Lib\RP6base\RP6RobotBaseLib.o
                                                  obj\Debug\main.o
uart_receive_buffer                               obj\Debug\RP6Lib\RP6common\RP6uart.o
uart_status                                       obj\Debug\RP6Lib\RP6common\RP6uart.o
updateStatusLEDs                                  obj\Debug\RP6Lib\RP6base\RP6RobotBaseLib.o
writeChar                                         obj\Debug\RP6Lib\RP6common\RP6uart.o
writeInteger                                      obj\Debug\RP6Lib\RP6common\RP6uart.o
writeIntegerLength                                obj\Debug\RP6Lib\RP6common\RP6uart.o
writeNStringP                                     obj\Debug\RP6Lib\RP6common\RP6uart.o
                                                  obj\Debug\RP6Lib\RP6base\RP6RobotBaseLib.o
writeString                                       obj\Debug\RP6Lib\RP6common\RP6uart.o
writeStringLength                                 obj\Debug\RP6Lib\RP6common\RP6uart.o
write_pos                                         obj\Debug\RP6Lib\RP6common\RP6uart.o
write_size                                        obj\Debug\RP6Lib\RP6common\RP6uart.o
